// Jest Snapshot v1, https://goo.gl/fbAQLP

exports[`<SearchInput/> Should match snapshot 1`] = `
<input
  class="search-input"
  placeholder="Pesquise seu post aqui"
  type="search"
  value=""
/>
`;
